// Jest Snapshot v1, https://goo.gl/fbAQLP

exports[`<Link /> render dung 1`] = `
<a
  href="https://fb.com"
>
  Facebook
</a>
`;
